
> wechat-article-exporter@2.3.7 build
> nuxt build

[90m[[90mnuxi[90m][39m [32mNuxt [1m3.20.1[22m[39m[90m (with [39m[90mNitro [1m2.12.9[22m[39m[90m, Vite [1m7.2.2[22m[39m[90m and Vue [1m3.5.24[22m[39m[90m)[39m
[90m[[90mnuxt:tailwindcss[90m][39m [36m鈩?[39m Using default Tailwind CSS file
node.exe : 
所在位置 行:1 字符: 1
+ & "C:\Program Files\nodejs/node.exe" "C:\Program File
s\nodejs/node_mo ...
+ ~~~~~~~~~~~~~~~~~~~~~~~~~~~~~~~~~~~~~~~~~~~~~~~~~~~~~
~~~~~~~~~~~~~~~~
    + CategoryInfo          : NotSpecified: (:String)  
   [], RemoteException
    + FullyQualifiedErrorId : NativeCommandError
 
[43m[30m WARN [39m[49m [umami] id is missing or inc
orrectly configured. Check module config.


[43m[30m WARN [39m[49m [umami] Your API endpoint is
 missing or incorrectly configured. Check [36mhost[39
m and/or [36mcustomEndpoint[39m in module config.

[36m鈩?[39m [umami] Currently running in test mode due to incorrect/missing options.
[36m鈩?[39m Nuxt Icon server bundle mode is set to [36mlocal[39m
[90m[[90mnuxi[90m][39m [36m鈩?[39m Building for Nitro preset: [36mnode-server[39m
[36m鈩?[39m Building client...
[36m鈩?[39m [36mvite v7.2.2 [32mbuilding client environment for production...[36m[39m
[36m鈩?[39m transforming...
[36m鈩?[39m [32m鉁?[39m 481 modules transformed.

[41m[30m ERROR [39m[49m [31m鉁?[39m Build failed in
 2.36s


[90m[[90mnuxi[90m][39m [41m[30m ERROR [39m[49m 
Nuxt Build Error: [31m[vite:load-fallback] Could not l
oad C:/Users/long/wechat-article-exporter/wechat-export
er-frontend//composables/useSessionValidator (imported 
by app.vue?vue&type=script&setup=true&lang.ts): ENOENT:
 no such file or directory, open 'C:\Users\long\wechat-
article-exporter\wechat-exporter-frontend\composables\u
seSessionValidator'[39m

    [90mat [39masync open ([36mnode:internal/fs/prom
ises:641:25[39m)
    [90mat [39masync Object.readFile ([36mnode:inter
nal/fs/promises:1279:14[39m)
    [90mat [39masync Object.handler ([36m/C:/Users/l
ong/wechat-article-exporter/wechat-exporter-frontend/no
de_modules/vite/dist/node/chunks/config.js:33788:21[39
m)
    [90mat [39masync PluginDriver.hookFirstAndGetPlug
in ([36m/C:/Users/long/wechat-article-exporter/wechat-
exporter-frontend/node_modules/rollup/dist/es/shared/no
de-entry.js:22308:28[39m)
    [90mat [39masync /C:/Users/long/wechat-article-ex
porter/wechat-exporter-frontend/node_modules/rollup/dis
t/es/shared/node-entry.js:21308:33
    [90mat [39masync Queue.work ([36m/C:/Users/long/
wechat-article-exporter/wechat-exporter-frontend/node_m
odules/rollup/dist/es/shared/node-entry.js:22536:32[39
m)

